  Determining projects to restore...
  All projects are up-to-date for restore.
D:\PetAdopt\PetAdopt\backend\Migrations\AppDbContextModelSnapshot.cs(11,23): error CS0246: The type or namespace name 'AppDbContext' could not be found (are you missing a using directive or an assembly reference?) [D:\PetAdopt\PetAdopt\backend\PetAdopt.csproj]
D:\PetAdopt\PetAdopt\backend\Migrations\20260415204011_AddPetsTable.Designer.cs(12,23): error CS0246: The type or namespace name 'AppDbContext' could not be found (are you missing a using directive or an assembly reference?) [D:\PetAdopt\PetAdopt\backend\PetAdopt.csproj]

Build FAILED.

D:\PetAdopt\PetAdopt\backend\Migrations\AppDbContextModelSnapshot.cs(11,23): error CS0246: The type or namespace name 'AppDbContext' could not be found (are you missing a using directive or an assembly reference?) [D:\PetAdopt\PetAdopt\backend\PetAdopt.csproj]
D:\PetAdopt\PetAdopt\backend\Migrations\20260415204011_AddPetsTable.Designer.cs(12,23): error CS0246: The type or namespace name 'AppDbContext' could not be found (are you missing a using directive or an assembly reference?) [D:\PetAdopt\PetAdopt\backend\PetAdopt.csproj]
    0 Warning(s)
    2 Error(s)

Time Elapsed 00:00:01.44
